###############################################################################
#
# IAR ELF Linker V9.30.1.335/W64 for ARM                  29/Nov/2022  22:59:06
# Copyright 2007-2022 IAR Systems AB.
#
#    Output file  =  C:\embedded\project\Debug\Exe\project.out
#    Map file     =  C:\embedded\project\Debug\List\project.map
#    Command line =
#        -f C:\embedded\project\Debug\Exe\project.out.rsp
#        (C:\embedded\project\Debug\Obj\CoreSupport\core_cm3.o
#        C:\embedded\project\Debug\Obj\user\DS3231_BUZZER.o
#        C:\embedded\project\Debug\Obj\Libraries\LCD\lcd.o
#        C:\embedded\project\Debug\Obj\user\main.o
#        C:\embedded\project\Debug\Obj\Libraries\STM32F10x_StdPeriph_Driver_v3.5\src\misc.o
#        C:\embedded\project\Debug\Obj\user\moveWheel.o
#        C:\embedded\project\Debug\Obj\user\pir.o
#        C:\embedded\project\Debug\Obj\Libraries\CMSIS\DeviceSupport\Startup\startup_stm32f10x_cl.o
#        C:\embedded\project\Debug\Obj\Libraries\STM32F10x_StdPeriph_Driver_v3.5\src\stm32f10x_adc.o
#        C:\embedded\project\Debug\Obj\Libraries\STM32F10x_StdPeriph_Driver_v3.5\src\stm32f10x_bkp.o
#        C:\embedded\project\Debug\Obj\Libraries\STM32F10x_StdPeriph_Driver_v3.5\src\stm32f10x_can.o
#        C:\embedded\project\Debug\Obj\Libraries\STM32F10x_StdPeriph_Driver_v3.5\src\stm32f10x_cec.o
#        C:\embedded\project\Debug\Obj\Libraries\STM32F10x_StdPeriph_Driver_v3.5\src\stm32f10x_crc.o
#        C:\embedded\project\Debug\Obj\Libraries\STM32F10x_StdPeriph_Driver_v3.5\src\stm32f10x_dac.o
#        C:\embedded\project\Debug\Obj\Libraries\STM32F10x_StdPeriph_Driver_v3.5\src\stm32f10x_dbgmcu.o
#        C:\embedded\project\Debug\Obj\Libraries\STM32F10x_StdPeriph_Driver_v3.5\src\stm32f10x_dma.o
#        C:\embedded\project\Debug\Obj\Libraries\STM32F10x_StdPeriph_Driver_v3.5\src\stm32f10x_exti.o
#        C:\embedded\project\Debug\Obj\Libraries\STM32F10x_StdPeriph_Driver_v3.5\src\stm32f10x_flash.o
#        C:\embedded\project\Debug\Obj\Libraries\STM32F10x_StdPeriph_Driver_v3.5\src\stm32f10x_fsmc.o
#        C:\embedded\project\Debug\Obj\Libraries\STM32F10x_StdPeriph_Driver_v3.5\src\stm32f10x_gpio.o
#        C:\embedded\project\Debug\Obj\Libraries\STM32F10x_StdPeriph_Driver_v3.5\src\stm32f10x_i2c.o
#        C:\embedded\project\Debug\Obj\user\stm32f10x_it.o
#        C:\embedded\project\Debug\Obj\Libraries\STM32F10x_StdPeriph_Driver_v3.5\src\stm32f10x_iwdg.o
#        C:\embedded\project\Debug\Obj\Libraries\STM32F10x_StdPeriph_Driver_v3.5\src\stm32f10x_pwr.o
#        C:\embedded\project\Debug\Obj\Libraries\STM32F10x_StdPeriph_Driver_v3.5\src\stm32f10x_rcc.o
#        C:\embedded\project\Debug\Obj\Libraries\STM32F10x_StdPeriph_Driver_v3.5\src\stm32f10x_rtc.o
#        C:\embedded\project\Debug\Obj\Libraries\STM32F10x_StdPeriph_Driver_v3.5\src\stm32f10x_sdio.o
#        C:\embedded\project\Debug\Obj\Libraries\STM32F10x_StdPeriph_Driver_v3.5\src\stm32f10x_spi.o
#        C:\embedded\project\Debug\Obj\Libraries\STM32F10x_StdPeriph_Driver_v3.5\src\stm32f10x_tim.o
#        C:\embedded\project\Debug\Obj\Libraries\STM32F10x_StdPeriph_Driver_v3.5\src\stm32f10x_usart.o
#        C:\embedded\project\Debug\Obj\Libraries\STM32F10x_StdPeriph_Driver_v3.5\src\stm32f10x_wwdg.o
#        C:\embedded\project\Debug\Obj\Libraries\CMSIS\DeviceSupport\system_stm32f10x.o
#        C:\embedded\project\Debug\Obj\Libraries\LCD\touch.o
#        C:\embedded\project\Debug\Obj\user\ultrasonic.o --no_out_extension -o
#        C:\embedded\project\Debug\Exe\project.out --map
#        C:\embedded\project\Debug\List\project.map --log
#        libraries,initialization,modules,redirects,sections,veneers,unused_fragments,call_graph,crt_routine_selection,fragment_info,inlining,merging,demangle
#        --log_file C:\embedded\project\Debug\List\project.log --config
#        "C:\Program Files\IAR Systems\Embedded Workbench
#        9.1\arm/config/linker/ST/stm32f107xC.icf" --semihosting --entry
#        __iar_program_start --vfe --text_out locale --cpu=Cortex-M3
#        --fpu=None)
#
###############################################################################

*******************************************************************************
*** RUNTIME MODEL ATTRIBUTES
***

CppFlavor       = *
__CPP_Runtime   = 1
__SystemLibrary = DLib
__dlib_version  = 6


*******************************************************************************
*** HEAP SELECTION
***

The basic heap was selected because --advanced_heap
was not specified and the application did not appear to
be primarily optimized for speed.


*******************************************************************************
*** PLACEMENT SUMMARY
***

"A0":  place at address 0x800'0000 { ro section .intvec };
"P1":  place in [from 0x800'0000 to 0x803'ffff] { ro };
define block CSTACK with size = 4K, alignment = 8 { };
define block HEAP with size = 4K, alignment = 8 { };
"P2":  place in [from 0x2000'0000 to 0x2000'ffff] {
          rw, block CSTACK, block HEAP };
initialize by copy { rw };

  Section            Kind         Address    Size  Object
  -------            ----         -------    ----  ------
"A0":                                       0x150
  .intvec            ro code   0x800'0000   0x150  startup_stm32f10x_cl.o [3]
                             - 0x800'0150   0x150

"P1":                                      0x3e19
  .text              ro code   0x800'0150   0xbbc  DS3231_BUZZER.o [6]
  .text              ro code   0x800'0d0c   0x18c  stm32f10x_rcc.o [5]
  .text              ro code   0x800'0e98   0x152  stm32f10x_i2c.o [5]
  .text              ro code   0x800'0fea    0x3a  packbits_init_single.o [9]
  .text              ro code   0x800'1024     0x6  ABImemclr.o [9]
  .text              ro code   0x800'102a     0xa  xsprout.o [7]
  .text              ro code   0x800'1034    0x28  printf.o [7]
  .text              ro code   0x800'105c    0x40  sprintf.o [7]
  .text              ro code   0x800'109c    0x1e  strcat.o [7]
  .text              ro code   0x800'10bc   0xa24  lcd.o [4]
  .text              ro code   0x800'1ae0   0x150  system_stm32f10x.o [2]
  .text              ro code   0x800'1c30   0x254  main.o [6]
  .text              ro code   0x800'1e84   0x140  stm32f10x_gpio.o [5]
  .text              ro code   0x800'1fc4    0x5e  ABImemset.o [9]
  .text              ro code   0x800'2022   0x13c  xprintftiny.o [7]
  .text              ro code   0x800'2160    0xb4  stm32f10x_exti.o [5]
  .text              ro code   0x800'2214    0x80  misc.o [5]
  .text              ro code   0x800'2294   0x174  moveWheel.o [6]
  .text              ro code   0x800'2408    0x4c  pir.o [6]
  .text              ro code   0x800'2454   0x174  ultrasonic.o [6]
  .text              ro code   0x800'25c8    0x36  strlen.o [9]
  .text              ro code   0x800'2600   0x568  stm32f10x_tim.o [5]
  .rodata            const     0x800'2b68   0x5f0  lcd.o [4]
  .rodata            const     0x800'3158   0x594  lcd.o [4]
  .rodata            const     0x800'36ec   0x474  lcd.o [4]
  .text              ro code   0x800'3b60    0x7c  iarttio.o [10]
  .text              ro code   0x800'3bdc     0x8  XShttio.o [7]
  .text              ro code   0x800'3be4    0x28  data_init.o [9]
  .text              ro code   0x800'3c0c    0x22  iarwrite.o [10]
  .iar.init_table    const     0x800'3c30    0x10  - Linker created -
  .text              ro code   0x800'3c40    0x20  putchar.o [7]
  .text              ro code   0x800'3c60    0x10  write.o [10]
  .text              ro code   0x800'3c70    0x1e  dwrite.o [10]
  .text              ro code   0x800'3c8e    0x20  iarwstd.o [10]
  .text              ro code   0x800'3cb0    0x1e  cmain.o [9]
  .text              ro code   0x800'3cce     0x4  low_level_init.o [7]
  .text              ro code   0x800'3cd2     0x4  exit.o [7]
  .text              ro code   0x800'3cd8     0xa  cexit.o [9]
  .text              ro code   0x800'3ce4    0x14  exit.o [10]
  .text              ro code   0x800'3cf8    0x1c  cstartup_M.o [9]
  .rodata            const     0x800'3d14    0x18  DS3231_BUZZER.o [6]
  .text              ro code   0x800'3d2c    0x16  xprout.o [7]
  .text              ro code   0x800'3d42    0x12  stm32f10x_it.o [6]
  .rodata            const     0x800'3d54    0x10  DS3231_BUZZER.o [6]
  .rodata            const     0x800'3d64    0x10  DS3231_BUZZER.o [6]
  .rodata            const     0x800'3d74    0x10  DS3231_BUZZER.o [6]
  .text              ro code   0x800'3d84    0x10  startup_stm32f10x_cl.o [3]
  .rodata            const     0x800'3d94     0xc  DS3231_BUZZER.o [6]
  .rodata            const     0x800'3da0     0xc  DS3231_BUZZER.o [6]
  .rodata            const     0x800'3dac     0xc  DS3231_BUZZER.o [6]
  .rodata            const     0x800'3db8     0xc  DS3231_BUZZER.o [6]
  .rodata            const     0x800'3dc4     0xc  DS3231_BUZZER.o [6]
  .rodata            const     0x800'3dd0     0xc  DS3231_BUZZER.o [6]
  .rodata            const     0x800'3ddc     0xc  DS3231_BUZZER.o [6]
  .rodata            const     0x800'3de8     0xc  DS3231_BUZZER.o [6]
  .rodata            const     0x800'3df4     0xc  DS3231_BUZZER.o [6]
  .rodata            const     0x800'3e00     0xc  DS3231_BUZZER.o [6]
  .rodata            const     0x800'3e0c     0xc  DS3231_BUZZER.o [6]
  .rodata            const     0x800'3e18     0x8  DS3231_BUZZER.o [6]
  .rodata            const     0x800'3e20     0x8  DS3231_BUZZER.o [6]
  .rodata            const     0x800'3e28     0x8  DS3231_BUZZER.o [6]
  .rodata            const     0x800'3e30     0x8  DS3231_BUZZER.o [6]
  .text              ro code   0x800'3e38     0x4  startup_stm32f10x_cl.o [3]
  .text              ro code   0x800'3e3c     0x4  startup_stm32f10x_cl.o [3]
  .text              ro code   0x800'3e40     0x4  startup_stm32f10x_cl.o [3]
  .text              ro code   0x800'3e44     0x4  startup_stm32f10x_cl.o [3]
  .text              ro code   0x800'3e48     0x4  startup_stm32f10x_cl.o [3]
  .text              ro code   0x800'3e4c     0x4  startup_stm32f10x_cl.o [3]
  .text              ro code   0x800'3e50     0x4  startup_stm32f10x_cl.o [3]
  .text              ro code   0x800'3e54     0x4  startup_stm32f10x_cl.o [3]
  .text              ro code   0x800'3e58     0x4  startup_stm32f10x_cl.o [3]
  .text              ro code   0x800'3e5c     0x4  startup_stm32f10x_cl.o [3]
  .text              ro code   0x800'3e60     0x4  startup_stm32f10x_cl.o [3]
  .text              ro code   0x800'3e64     0x4  startup_stm32f10x_cl.o [3]
  .text              ro code   0x800'3e68     0x4  startup_stm32f10x_cl.o [3]
  .text              ro code   0x800'3e6c     0x4  startup_stm32f10x_cl.o [3]
  .text              ro code   0x800'3e70     0x4  startup_stm32f10x_cl.o [3]
  .text              ro code   0x800'3e74     0x4  startup_stm32f10x_cl.o [3]
  .text              ro code   0x800'3e78     0x4  startup_stm32f10x_cl.o [3]
  .text              ro code   0x800'3e7c     0x4  startup_stm32f10x_cl.o [3]
  .text              ro code   0x800'3e80     0x4  startup_stm32f10x_cl.o [3]
  .text              ro code   0x800'3e84     0x4  startup_stm32f10x_cl.o [3]
  .text              ro code   0x800'3e88     0x4  startup_stm32f10x_cl.o [3]
  .text              ro code   0x800'3e8c     0x4  startup_stm32f10x_cl.o [3]
  .text              ro code   0x800'3e90     0x4  startup_stm32f10x_cl.o [3]
  .text              ro code   0x800'3e94     0x4  startup_stm32f10x_cl.o [3]
  .text              ro code   0x800'3e98     0x4  startup_stm32f10x_cl.o [3]
  .text              ro code   0x800'3e9c     0x4  startup_stm32f10x_cl.o [3]
  .text              ro code   0x800'3ea0     0x4  startup_stm32f10x_cl.o [3]
  .text              ro code   0x800'3ea4     0x4  startup_stm32f10x_cl.o [3]
  .text              ro code   0x800'3ea8     0x4  startup_stm32f10x_cl.o [3]
  .text              ro code   0x800'3eac     0x4  startup_stm32f10x_cl.o [3]
  .text              ro code   0x800'3eb0     0x4  startup_stm32f10x_cl.o [3]
  .text              ro code   0x800'3eb4     0x4  startup_stm32f10x_cl.o [3]
  .text              ro code   0x800'3eb8     0x4  startup_stm32f10x_cl.o [3]
  .text              ro code   0x800'3ebc     0x4  startup_stm32f10x_cl.o [3]
  .text              ro code   0x800'3ec0     0x4  startup_stm32f10x_cl.o [3]
  .text              ro code   0x800'3ec4     0x4  startup_stm32f10x_cl.o [3]
  .text              ro code   0x800'3ec8     0x4  startup_stm32f10x_cl.o [3]
  .text              ro code   0x800'3ecc     0x4  startup_stm32f10x_cl.o [3]
  .text              ro code   0x800'3ed0     0x4  startup_stm32f10x_cl.o [3]
  .text              ro code   0x800'3ed4     0x4  startup_stm32f10x_cl.o [3]
  .text              ro code   0x800'3ed8     0x4  startup_stm32f10x_cl.o [3]
  .text              ro code   0x800'3edc     0x4  startup_stm32f10x_cl.o [3]
  .text              ro code   0x800'3ee0     0x4  startup_stm32f10x_cl.o [3]
  .text              ro code   0x800'3ee4     0x4  startup_stm32f10x_cl.o [3]
  .text              ro code   0x800'3ee8     0x4  startup_stm32f10x_cl.o [3]
  .text              ro code   0x800'3eec     0x4  startup_stm32f10x_cl.o [3]
  .text              ro code   0x800'3ef0     0x4  startup_stm32f10x_cl.o [3]
  .text              ro code   0x800'3ef4     0x4  startup_stm32f10x_cl.o [3]
  .text              ro code   0x800'3ef8     0x4  startup_stm32f10x_cl.o [3]
  .text              ro code   0x800'3efc     0x4  startup_stm32f10x_cl.o [3]
  .text              ro code   0x800'3f00     0x4  startup_stm32f10x_cl.o [3]
  .text              ro code   0x800'3f04     0x4  startup_stm32f10x_cl.o [3]
  .text              ro code   0x800'3f08     0x4  startup_stm32f10x_cl.o [3]
  .text              ro code   0x800'3f0c     0x4  startup_stm32f10x_cl.o [3]
  .text              ro code   0x800'3f10     0x4  startup_stm32f10x_cl.o [3]
  .text              ro code   0x800'3f14     0x4  startup_stm32f10x_cl.o [3]
  .text              ro code   0x800'3f18     0x4  startup_stm32f10x_cl.o [3]
  .text              ro code   0x800'3f1c     0x4  startup_stm32f10x_cl.o [3]
  .text              ro code   0x800'3f20     0x4  startup_stm32f10x_cl.o [3]
  .text              ro code   0x800'3f24     0x4  startup_stm32f10x_cl.o [3]
  .text              ro code   0x800'3f28     0x4  startup_stm32f10x_cl.o [3]
  .text              ro code   0x800'3f2c     0x4  startup_stm32f10x_cl.o [3]
  .text              ro code   0x800'3f30     0x4  startup_stm32f10x_cl.o [3]
  .text              ro code   0x800'3f34     0x4  startup_stm32f10x_cl.o [3]
  .text              ro code   0x800'3f38     0x4  startup_stm32f10x_cl.o [3]
  .text              ro code   0x800'3f3c     0x4  startup_stm32f10x_cl.o [3]
  .text              ro code   0x800'3f40     0x4  startup_stm32f10x_cl.o [3]
  .text              ro code   0x800'3f44     0x4  startup_stm32f10x_cl.o [3]
  .text              ro code   0x800'3f48     0x4  startup_stm32f10x_cl.o [3]
  .text              ro code   0x800'3f4c     0x4  startup_stm32f10x_cl.o [3]
  .rodata            const     0x800'3f50     0x0  packbits_init_single.o [9]
  Initializer bytes  const     0x800'3f50    0x19  <for P2-1>
                             - 0x800'3f69  0x3e19

"P2", part 1 of 2:                           0x32
  P2-1                        0x2000'0000    0x32  <Init block>
    .data            inited   0x2000'0000     0x4  DS3231_BUZZER.o [6]
    .data            inited   0x2000'0004    0x10  stm32f10x_rcc.o [5]
    .data            inited   0x2000'0014     0x4  stm32f10x_rcc.o [5]
    .data            inited   0x2000'0018     0x8  XShttio.o [7]
    .bss             inited   0x2000'0020     0x4  DS3231_BUZZER.o [6]
    .bss             inited   0x2000'0024     0x4  main.o [6]
    .bss             inited   0x2000'0028     0x4  main.o [6]
    .bss             inited   0x2000'002c     0x4  main.o [6]
    .bss             inited   0x2000'0030     0x2  lcd.o [4]
                            - 0x2000'0032    0x32

"P2", part 2 of 2:                         0x1000
  CSTACK                      0x2000'0038  0x1000  <Block>
    CSTACK           uninit   0x2000'0038  0x1000  <Block tail>
                            - 0x2000'1038  0x1000

Unused ranges:

         From           To      Size
         ----           --      ----
   0x800'3f69   0x803'ffff  0x3'c097
  0x2000'0032  0x2000'0037       0x6
  0x2000'1038  0x2000'ffff    0xefc8


*******************************************************************************
*** INIT TABLE
***

          Address      Size
          -------      ----
Copy/packbits (__iar_packbits_init_single3)
    1 source range, total size 0x19 (50% of destination):
           0x800'3f50  0x19
    1 destination range, total size 0x32:
          0x2000'0000  0x32



*******************************************************************************
*** MODULE SUMMARY
***

    Module                  ro code  ro data  rw data
    ------                  -------  -------  -------
command line/config:
    -------------------------------------------------
    Total:

C:\embedded\project\Debug\Obj\CoreSupport: [1]
    -------------------------------------------------
    Total:

C:\embedded\project\Debug\Obj\Libraries\CMSIS\DeviceSupport: [2]
    system_stm32f10x.o          336
    -------------------------------------------------
    Total:                      336

C:\embedded\project\Debug\Obj\Libraries\CMSIS\DeviceSupport\Startup: [3]
    startup_stm32f10x_cl.o      632
    -------------------------------------------------
    Total:                      632

C:\embedded\project\Debug\Obj\Libraries\LCD: [4]
    lcd.o                     2'596    4'089        2
    -------------------------------------------------
    Total:                    2'596    4'089        2

C:\embedded\project\Debug\Obj\Libraries\STM32F10x_StdPeriph_Driver_v3.5\src: [5]
    misc.o                      128
    stm32f10x_exti.o            180
    stm32f10x_gpio.o            320
    stm32f10x_i2c.o             338
    stm32f10x_rcc.o             396       10       20
    stm32f10x_tim.o           1'384
    -------------------------------------------------
    Total:                    2'746       10       20

C:\embedded\project\Debug\Obj\user: [6]
    DS3231_BUZZER.o           3'004      240        8
    main.o                      596        6       12
    moveWheel.o                 372
    pir.o                        76
    stm32f10x_it.o               18
    ultrasonic.o                372
    -------------------------------------------------
    Total:                    4'438      246       20

dl7M_tln.a: [7]
    XShttio.o                     8        4        8
    exit.o                        4
    low_level_init.o              4
    printf.o                     40
    putchar.o                    32
    sprintf.o                    64
    strcat.o                     30
    xprintftiny.o               316
    xprout.o                     22
    xsprout.o                    10
    -------------------------------------------------
    Total:                      530        4        8

m7M_tl.a: [8]
    -------------------------------------------------
    Total:

rt7M_tl.a: [9]
    ABImemclr.o                   6
    ABImemset.o                  94
    cexit.o                      10
    cmain.o                      30
    cstartup_M.o                 28
    data_init.o                  40
    packbits_init_single.o       58
    strlen.o                     54
    -------------------------------------------------
    Total:                      320

shb_l.a: [10]
    dwrite.o                     30
    exit.o                       20
    iarttio.o                   124
    iarwrite.o                   34
    iarwstd.o                    32
    write.o                      16
    -------------------------------------------------
    Total:                      256

    Gaps                         12        2
    Linker created                        16    4'096
-----------------------------------------------------
    Grand Total:             11'866    4'367    4'146


*******************************************************************************
*** ENTRY LIST
***

Entry                       Address   Size  Type      Object
-----                       -------   ----  ----      ------
.iar.init_table$$Base    0x800'3c30          --   Gb  - Linker created -
.iar.init_table$$Limit   0x800'3c40          --   Gb  - Linker created -
?main                    0x800'3cb1         Code  Gb  cmain.o [9]
ADC1_2_IRQHandler        0x800'3ea5         Code  Wk  startup_stm32f10x_cl.o [3]
ADCPrescTable           0x2000'0014    0x4  Data  Lc  stm32f10x_rcc.o [5]
APBAHBPrescTable        0x2000'0004   0x10  Data  Lc  stm32f10x_rcc.o [5]
Alarm_ONOFF             0x2000'0020    0x4  Data  Gb  DS3231_BUZZER.o [6]
Alarm_flag              0x2000'0000    0x4  Data  Gb  DS3231_BUZZER.o [6]
BusFault_Handler         0x800'3d49    0x2  Code  Gb  stm32f10x_it.o [6]
CAN1_RX0_IRQHandler      0x800'3ead         Code  Wk  startup_stm32f10x_cl.o [3]
CAN1_RX1_IRQHandler      0x800'3eb1         Code  Wk  startup_stm32f10x_cl.o [3]
CAN1_SCE_IRQHandler      0x800'3eb5         Code  Wk  startup_stm32f10x_cl.o [3]
CAN1_TX_IRQHandler       0x800'3ea9         Code  Wk  startup_stm32f10x_cl.o [3]
CAN2_RX0_IRQHandler      0x800'3f41         Code  Wk  startup_stm32f10x_cl.o [3]
CAN2_RX1_IRQHandler      0x800'3f45         Code  Wk  startup_stm32f10x_cl.o [3]
CAN2_SCE_IRQHandler      0x800'3f49         Code  Wk  startup_stm32f10x_cl.o [3]
CAN2_TX_IRQHandler       0x800'3f3d         Code  Wk  startup_stm32f10x_cl.o [3]
CSTACK$$Base            0x2000'0038          --   Gb  - Linker created -
CSTACK$$Limit           0x2000'1038          --   Gb  - Linker created -
DMA1_Channel1_IRQHandler
                         0x800'3e89         Code  Wk  startup_stm32f10x_cl.o [3]
DMA1_Channel2_IRQHandler
                         0x800'3e8d         Code  Wk  startup_stm32f10x_cl.o [3]
DMA1_Channel3_IRQHandler
                         0x800'3e91         Code  Wk  startup_stm32f10x_cl.o [3]
DMA1_Channel4_IRQHandler
                         0x800'3e95         Code  Wk  startup_stm32f10x_cl.o [3]
DMA1_Channel5_IRQHandler
                         0x800'3e99         Code  Wk  startup_stm32f10x_cl.o [3]
DMA1_Channel6_IRQHandler
                         0x800'3e9d         Code  Wk  startup_stm32f10x_cl.o [3]
DMA1_Channel7_IRQHandler
                         0x800'3ea1         Code  Wk  startup_stm32f10x_cl.o [3]
DMA2_Channel1_IRQHandler
                         0x800'3f21         Code  Wk  startup_stm32f10x_cl.o [3]
DMA2_Channel2_IRQHandler
                         0x800'3f25         Code  Wk  startup_stm32f10x_cl.o [3]
DMA2_Channel3_IRQHandler
                         0x800'3f29         Code  Wk  startup_stm32f10x_cl.o [3]
DMA2_Channel4_IRQHandler
                         0x800'3f2d         Code  Wk  startup_stm32f10x_cl.o [3]
DMA2_Channel5_IRQHandler
                         0x800'3f31         Code  Wk  startup_stm32f10x_cl.o [3]
DS3231_Alarm_Init        0x800'0be1   0x20  Code  Gb  DS3231_BUZZER.o [6]
DebugMon_Handler         0x800'3d4f    0x2  Code  Gb  stm32f10x_it.o [6]
Delay_little             0x800'0bcb    0xe  Code  Gb  DS3231_BUZZER.o [6]
DeviceCode              0x2000'0030    0x2  Data  Gb  lcd.o [4]
ETH_IRQHandler           0x800'3f35         Code  Wk  startup_stm32f10x_cl.o [3]
ETH_WKUP_IRQHandler      0x800'3f39         Code  Wk  startup_stm32f10x_cl.o [3]
EXTI0_IRQHandler         0x800'1cf7   0x1c  Code  Gb  main.o [6]
EXTI15_10_IRQHandler     0x800'3efd         Code  Wk  startup_stm32f10x_cl.o [3]
EXTI1_IRQHandler         0x800'1cdb   0x1c  Code  Gb  main.o [6]
EXTI2_IRQHandler         0x800'3e7d         Code  Wk  startup_stm32f10x_cl.o [3]
EXTI3_IRQHandler         0x800'3e81         Code  Wk  startup_stm32f10x_cl.o [3]
EXTI4_IRQHandler         0x800'3e85         Code  Wk  startup_stm32f10x_cl.o [3]
EXTI9_5_IRQHandler       0x800'3eb9         Code  Wk  startup_stm32f10x_cl.o [3]
EXTI_ClearITPendingBit   0x800'21f9    0x6  Code  Gb  stm32f10x_exti.o [5]
EXTI_Configure           0x800'1c47   0x4c  Code  Gb  main.o [6]
EXTI_GetITStatus         0x800'21d9   0x20  Code  Gb  stm32f10x_exti.o [5]
EXTI_Init                0x800'2161   0x78  Code  Gb  stm32f10x_exti.o [5]
EnableHCSR04PeriphClock
                         0x800'2455   0x1c  Code  Gb  ultrasonic.o [6]
FLASH_IRQHandler         0x800'3e6d         Code  Wk  startup_stm32f10x_cl.o [3]
GBHZ_16                  0x800'3158  0x594  Data  Gb  lcd.o [4]
GPIO_Configure           0x800'1c45    0x2  Code  Gb  main.o [6]
GPIO_Configure_wheel     0x800'22a1   0x88  Code  Gb  moveWheel.o [6]
GPIO_EXTILineConfig      0x800'1f73   0x4c  Code  Gb  stm32f10x_gpio.o [5]
GPIO_Init                0x800'1e85   0xc2  Code  Gb  stm32f10x_gpio.o [5]
GPIO_PIR                 0x800'2415   0x2e  Code  Gb  pir.o [6]
GPIO_ReadInputData       0x800'1f5b    0x6  Code  Gb  stm32f10x_gpio.o [5]
GPIO_ReadInputDataBit    0x800'1f47   0x14  Code  Gb  stm32f10x_gpio.o [5]
GPIO_ResetBits           0x800'1f67    0x6  Code  Gb  stm32f10x_gpio.o [5]
GPIO_SetBits             0x800'1f61    0x6  Code  Gb  stm32f10x_gpio.o [5]
GPIO_Write               0x800'1f6d    0x6  Code  Gb  stm32f10x_gpio.o [5]
HCSR04GetDistance        0x800'2565   0x4e  Code  Gb  ultrasonic.o [6]
HW_I2C_Read              0x800'01f3  0x2ac  Code  Gb  DS3231_BUZZER.o [6]
HW_I2C_Write             0x800'049f  0x138  Code  Gb  DS3231_BUZZER.o [6]
HardFault_Handler        0x800'3d45    0x2  Code  Gb  stm32f10x_it.o [6]
I2C1_ER_IRQHandler       0x800'3edd         Code  Wk  startup_stm32f10x_cl.o [3]
I2C1_EV_IRQHandler       0x800'3ed9         Code  Wk  startup_stm32f10x_cl.o [3]
I2C2_ER_IRQHandler       0x800'3ee5         Code  Wk  startup_stm32f10x_cl.o [3]
I2C2_EV_IRQHandler       0x800'3ee1         Code  Wk  startup_stm32f10x_cl.o [3]
I2C_AcknowledgeConfig    0x800'0f25   0x1c  Code  Gb  stm32f10x_i2c.o [5]
I2C_CheckEvent           0x800'0f63   0x24  Code  Gb  stm32f10x_i2c.o [5]
I2C_ClearFlag            0x800'0fdf    0xc  Code  Gb  stm32f10x_i2c.o [5]
I2C_Cmd                  0x800'0ed1   0x1c  Code  Gb  stm32f10x_i2c.o [5]
I2C_Configure            0x800'018b   0x68  Code  Gb  DS3231_BUZZER.o [6]
I2C_DeInit               0x800'0e99   0x34  Code  Gb  stm32f10x_i2c.o [5]
I2C_GenerateSTART        0x800'0eed   0x1c  Code  Gb  stm32f10x_i2c.o [5]
I2C_GenerateSTOP         0x800'0f09   0x1c  Code  Gb  stm32f10x_i2c.o [5]
I2C_GetFlagStatus        0x800'0f9d   0x42  Code  Gb  stm32f10x_i2c.o [5]
I2C_GetLastEvent         0x800'0f87   0x16  Code  Gb  stm32f10x_i2c.o [5]
I2C_ReceiveData          0x800'0f47    0x6  Code  Gb  stm32f10x_i2c.o [5]
I2C_Send7bitAddress      0x800'0f4d   0x16  Code  Gb  stm32f10x_i2c.o [5]
I2C_SendData             0x800'0f41    0x6  Code  Gb  stm32f10x_i2c.o [5]
InitHCSR04               0x800'2555   0x10  Code  Gb  ultrasonic.o [6]
Init_PIR                 0x800'2449    0xc  Code  Gb  pir.o [6]
LCD_Clear                0x800'15f9   0x28  Code  Gb  lcd.o [4]
LCD_Configuration        0x800'1211   0x74  Code  Lc  lcd.o [4]
LCD_Delay                0x800'1285   0x26  Code  Lc  lcd.o [4]
LCD_Init                 0x800'12c3  0x336  Code  Gb  lcd.o [4]
LCD_ReadReg              0x800'1161   0x88  Code  Lc  lcd.o [4]
LCD_SetCursor            0x800'1621   0x3e  Code  Gb  lcd.o [4]
LCD_ShowChar             0x800'169f   0xfc  Code  Gb  lcd.o [4]
LCD_ShowCharString       0x800'179b   0x58  Code  Gb  lcd.o [4]
LCD_ShowHzString         0x800'1a61   0x62  Code  Gb  lcd.o [4]
LCD_ShowNum              0x800'17f3   0xec  Code  Gb  lcd.o [4]
LCD_ShowString           0x800'18df   0x5e  Code  Gb  lcd.o [4]
LCD_WR_DATA              0x800'110f   0x52  Code  Lc  lcd.o [4]
LCD_WR_REG               0x800'10bd   0x52  Code  Lc  lcd.o [4]
LCD_WindowMax            0x800'165f   0x40  Code  Gb  lcd.o [4]
LCD_WriteRAM             0x800'1207    0xa  Code  Lc  lcd.o [4]
LCD_WriteRAM_Prepare     0x800'11fd    0xa  Code  Lc  lcd.o [4]
LCD_WriteReg             0x800'11e9   0x14  Code  Lc  lcd.o [4]
MemManage_Handler        0x800'3d47    0x2  Code  Gb  stm32f10x_it.o [6]
NMI_Handler              0x800'3d43    0x2  Code  Gb  stm32f10x_it.o [6]
NVIC_Configure           0x800'1c93   0x48  Code  Gb  main.o [6]
NVIC_Init                0x800'221f   0x60  Code  Gb  misc.o [5]
NVIC_PriorityGroupConfig
                         0x800'2215    0xa  Code  Gb  misc.o [5]
OTG_FS_IRQHandler        0x800'3f4d         Code  Wk  startup_stm32f10x_cl.o [3]
OTG_FS_WKUP_IRQHandler   0x800'3f05         Code  Wk  startup_stm32f10x_cl.o [3]
PVD_IRQHandler           0x800'3e61         Code  Wk  startup_stm32f10x_cl.o [3]
PendSV_Handler           0x800'3d51    0x2  Code  Gb  stm32f10x_it.o [6]
RCC_APB1PeriphClockCmd   0x800'0e17   0x1c  Code  Gb  stm32f10x_rcc.o [5]
RCC_APB1PeriphResetCmd   0x800'0e4f   0x1c  Code  Gb  stm32f10x_rcc.o [5]
RCC_APB2PeriphClockCmd   0x800'0dfb   0x1c  Code  Gb  stm32f10x_rcc.o [5]
RCC_APB2PeriphResetCmd   0x800'0e33   0x1c  Code  Gb  stm32f10x_rcc.o [5]
RCC_Configure            0x800'1c31   0x14  Code  Gb  main.o [6]
RCC_Configure_wheel_pinE
                         0x800'2295    0xc  Code  Gb  moveWheel.o [6]
RCC_GetClocksFreq        0x800'0d0d   0xee  Code  Gb  stm32f10x_rcc.o [5]
RCC_IRQHandler           0x800'3e71         Code  Wk  startup_stm32f10x_cl.o [3]
RCC_PIR                  0x800'2409    0xc  Code  Gb  pir.o [6]
RTCAlarm_IRQHandler      0x800'3f01         Code  Wk  startup_stm32f10x_cl.o [3]
RTC_IRQHandler           0x800'3e69         Code  Wk  startup_stm32f10x_cl.o [3]
Region$$Table$$Base      0x800'3c30          --   Gb  - Linker created -
Region$$Table$$Limit     0x800'3c40          --   Gb  - Linker created -
Reset_Handler            0x800'3d85         Code  Wk  startup_stm32f10x_cl.o [3]
SPI1_IRQHandler          0x800'3ee9         Code  Wk  startup_stm32f10x_cl.o [3]
SPI2_IRQHandler          0x800'3eed         Code  Wk  startup_stm32f10x_cl.o [3]
SPI3_IRQHandler          0x800'3f0d         Code  Wk  startup_stm32f10x_cl.o [3]
SVC_Handler              0x800'3d4d    0x2  Code  Gb  stm32f10x_it.o [6]
SetSysClock              0x800'1b33    0x8  Code  Lc  system_stm32f10x.o [2]
SetSysClockTo72          0x800'1b3b   0xd2  Code  Lc  system_stm32f10x.o [2]
SysTick_Handler          0x800'3d53    0x2  Code  Gb  stm32f10x_it.o [6]
SystemInit               0x800'1ae1   0x52  Code  Gb  system_stm32f10x.o [2]
TAMPER_IRQHandler        0x800'3e65         Code  Wk  startup_stm32f10x_cl.o [3]
TI1_Config               0x800'2a47   0x66  Code  Lc  stm32f10x_tim.o [5]
TI2_Config               0x800'2ab5   0x6e  Code  Lc  stm32f10x_tim.o [5]
TIM1_BRK_IRQHandler      0x800'3ebd         Code  Wk  startup_stm32f10x_cl.o [3]
TIM1_CC_IRQHandler       0x800'3ec9         Code  Wk  startup_stm32f10x_cl.o [3]
TIM1_TRG_COM_IRQHandler
                         0x800'3ec5         Code  Wk  startup_stm32f10x_cl.o [3]
TIM1_UP_IRQHandler       0x800'3ec1         Code  Wk  startup_stm32f10x_cl.o [3]
TIM2_IRQHandler          0x800'3ecd         Code  Wk  startup_stm32f10x_cl.o [3]
TIM3_IRQHandler          0x800'3ed1         Code  Wk  startup_stm32f10x_cl.o [3]
TIM4_IRQHandler          0x800'3ed5         Code  Wk  startup_stm32f10x_cl.o [3]
TIM5_IRQHandler          0x800'3f09         Code  Wk  startup_stm32f10x_cl.o [3]
TIM6_IRQHandler          0x800'3f19         Code  Wk  startup_stm32f10x_cl.o [3]
TIM7_IRQHandler          0x800'3f1d         Code  Wk  startup_stm32f10x_cl.o [3]
TIM_ClearFlag            0x800'2a3f    0x8  Code  Gb  stm32f10x_tim.o [5]
TIM_Cmd                  0x800'299f   0x1c  Code  Gb  stm32f10x_tim.o [5]
TIM_CtrlPWMOutputs       0x800'29bb   0x22  Code  Gb  stm32f10x_tim.o [5]
TIM_DeInit               0x800'2601  0x1de  Code  Gb  stm32f10x_tim.o [5]
TIM_GetCapture1          0x800'2a25    0x4  Code  Gb  stm32f10x_tim.o [5]
TIM_GetCapture2          0x800'2a29    0x4  Code  Gb  stm32f10x_tim.o [5]
TIM_GetFlagStatus        0x800'2a2d   0x12  Code  Gb  stm32f10x_tim.o [5]
TIM_OC3Init              0x800'2871   0x88  Code  Gb  stm32f10x_tim.o [5]
TIM_OCStructInit         0x800'297d   0x22  Code  Gb  stm32f10x_tim.o [5]
TIM_PWMIConfig           0x800'28f9   0x84  Code  Gb  stm32f10x_tim.o [5]
TIM_SelectInputTrigger   0x800'29dd   0x10  Code  Gb  stm32f10x_tim.o [5]
TIM_SelectMasterSlaveMode
                         0x800'29ed   0x12  Code  Gb  stm32f10x_tim.o [5]
TIM_SetIC1Prescaler      0x800'29ff   0x12  Code  Gb  stm32f10x_tim.o [5]
TIM_SetIC2Prescaler      0x800'2a11   0x14  Code  Gb  stm32f10x_tim.o [5]
TIM_TimeBaseInit         0x800'27df   0x92  Code  Gb  stm32f10x_tim.o [5]
UART4_IRQHandler         0x800'3f11         Code  Wk  startup_stm32f10x_cl.o [3]
UART5_IRQHandler         0x800'3f15         Code  Wk  startup_stm32f10x_cl.o [3]
USART1_IRQHandler        0x800'3ef1         Code  Wk  startup_stm32f10x_cl.o [3]
USART2_IRQHandler        0x800'3ef5         Code  Wk  startup_stm32f10x_cl.o [3]
USART3_IRQHandler        0x800'3ef9         Code  Wk  startup_stm32f10x_cl.o [3]
UsageFault_Handler       0x800'3d4b    0x2  Code  Gb  stm32f10x_it.o [6]
WWDG_IRQHandler          0x800'3e5d         Code  Wk  startup_stm32f10x_cl.o [3]
WriteOneHz               0x800'1981   0xe0  Code  Lc  lcd.o [4]
_PrintfTiny              0x800'203b  0x124  Code  Gb  xprintftiny.o [7]
_Prout                   0x800'3d2d   0x16  Code  Gb  xprout.o [7]
_SProut                  0x800'102b    0xa  Code  Gb  xsprout.o [7]
__aeabi_memclr           0x800'1025         Code  Gb  ABImemclr.o [9]
__cmain                  0x800'3cb1         Code  Gb  cmain.o [9]
__dwrite                 0x800'3c71   0x1e  Code  Gb  dwrite.o [10]
__exit                   0x800'3ce5   0x14  Code  Gb  exit.o [10]
__iar_Memset_word        0x800'1fc5         Code  Gb  ABImemset.o [9]
__iar_close_ttio         0x800'3b61   0x2c  Code  Gb  iarttio.o [10]
__iar_data_init3         0x800'3be5   0x28  Code  Gb  data_init.o [9]
__iar_get_ttio           0x800'3b8d   0x4c  Code  Gb  iarttio.o [10]
__iar_lookup_ttioh       0x800'3bdd    0x8  Code  Gb  XShttio.o [7]
__iar_packbits_init_single3
                         0x800'0feb   0x3a  Code  Gb  packbits_init_single.o [9]
__iar_program_start      0x800'3cf9         Code  Gb  cstartup_M.o [9]
__iar_sh_stdout          0x800'3c8f   0x20  Code  Gb  iarwstd.o [10]
__iar_sh_write           0x800'3c0d   0x22  Code  Gb  iarwrite.o [10]
__iar_ttio_handles      0x2000'0018    0x8  Data  Lc  XShttio.o [7]
__low_level_init         0x800'3ccf    0x4  Code  Gb  low_level_init.o [7]
__vector_table           0x800'0000         Data  Gb  startup_stm32f10x_cl.o [3]
__write                  0x800'3c61   0x10  Code  Gb  write.o [10]
_call_main               0x800'3cbd         Code  Gb  cmain.o [9]
_exit                    0x800'3cd9         Code  Gb  cexit.o [9]
alarm_check              0x800'0c01   0x6e  Code  Gb  DS3231_BUZZER.o [6]
asc2_1206                0x800'36ec  0x474  Data  Gb  lcd.o [4]
asc2_1608                0x800'2b68  0x5f0  Data  Gb  lcd.o [4]
bcdTodec                 0x800'016f   0x1c  Code  Gb  DS3231_BUZZER.o [6]
decTobcd                 0x800'0151   0x1e  Code  Gb  DS3231_BUZZER.o [6]
delay                    0x800'1d13    0xe  Code  Gb  main.o [6]
directionFlag           0x2000'002c    0x4  Data  Gb  main.o [6]
ds3231_print_alarm1      0x800'09c9  0x13a  Code  Gb  DS3231_BUZZER.o [6]
ds3231_print_time        0x800'05d7  0x16e  Code  Gb  DS3231_BUZZER.o [6]
ds3231_read_alarm1       0x800'0b03   0xc8  Code  Gb  DS3231_BUZZER.o [6]
ds3231_read_time         0x800'0745   0xdc  Code  Gb  DS3231_BUZZER.o [6]
ds3231_set_alarm1        0x800'0911   0xb4  Code  Gb  DS3231_BUZZER.o [6]
ds3231_write_time        0x800'0821   0xe4  Code  Gb  DS3231_BUZZER.o [6]
exit                     0x800'3cd3    0x4  Code  Gb  exit.o [7]
findHzIndex              0x800'193d   0x44  Code  Lc  lcd.o [4]
humanDetect1            0x2000'0024    0x4  Data  Gb  main.o [6]
humanDetect2            0x2000'0028    0x4  Data  Gb  main.o [6]
initMeasureTimer         0x800'2471   0xac  Code  Lc  ultrasonic.o [6]
initPins                 0x800'251d   0x38  Code  Lc  ultrasonic.o [6]
main                     0x800'1d65  0x110  Code  Gb  main.o [6]
mypow                    0x800'12ab   0x18  Code  Lc  lcd.o [4]
out                      0x800'2023   0x18  Code  Lc  xprintftiny.o [7]
printf                   0x800'1035   0x28  Code  Gb  printf.o [7]
putchar                  0x800'3c41   0x20  Code  Gb  putchar.o [7]
setDirection             0x800'1d21   0x44  Code  Gb  main.o [6]
setDirectionToBack       0x800'23bd    0xc  Code  Gb  moveWheel.o [6]
setDirectionToFront      0x800'23b1    0xc  Code  Gb  moveWheel.o [6]
sprintf                  0x800'105d   0x40  Code  Gb  sprintf.o [7]
stopAllWheel             0x800'2381   0x26  Code  Gb  moveWheel.o [6]
strcat                   0x800'109d   0x1e  Code  Gb  strcat.o [7]
strlen                   0x800'25c9         Code  Gb  strlen.o [9]
toBackLeftWheel          0x800'236b   0x16  Code  Gb  moveWheel.o [6]
toBackRightWheel         0x800'2355   0x16  Code  Gb  moveWheel.o [6]
toFrontLeftWheel         0x800'233f   0x16  Code  Gb  moveWheel.o [6]
toFrontRightWheel        0x800'2329   0x16  Code  Gb  moveWheel.o [6]
turnToLeft               0x800'23d5    0xc  Code  Gb  moveWheel.o [6]
turnToLeft90             0x800'23f5   0x14  Code  Gb  moveWheel.o [6]
turnToRight              0x800'23c9    0xc  Code  Gb  moveWheel.o [6]
turnToRight90            0x800'23e1   0x14  Code  Gb  moveWheel.o [6]


[1] = C:\embedded\project\Debug\Obj\CoreSupport
[2] = C:\embedded\project\Debug\Obj\Libraries\CMSIS\DeviceSupport
[3] = C:\embedded\project\Debug\Obj\Libraries\CMSIS\DeviceSupport\Startup
[4] = C:\embedded\project\Debug\Obj\Libraries\LCD
[5] = C:\embedded\project\Debug\Obj\Libraries\STM32F10x_StdPeriph_Driver_v3.5\src
[6] = C:\embedded\project\Debug\Obj\user
[7] = dl7M_tln.a
[8] = m7M_tl.a
[9] = rt7M_tl.a
[10] = shb_l.a

  11'866 bytes of readonly  code memory
   4'367 bytes of readonly  data memory
   4'146 bytes of readwrite data memory

Errors: none
Warnings: none
